// Vitest Snapshot v1, https://vitest.dev/guide/snapshot.html

exports[`src/mui/form/items/state.jsx.input.label.tsx StateJsxInputLabel should render 1`] = `
<label
  className="MuiFormLabel-root MuiInputLabel-root MuiInputLabel-animated MuiFormLabel-colorPrimary MuiInputLabel-root MuiInputLabel-animated css-9npbnl-MuiFormLabel-root-MuiInputLabel-root"
/>
`;
